Table Name: Persons
Primary Key: ID
Number of columns: 2
Number of records: 0

Table Name: Persons
Primary Key: ID
Number of columns: 4
Number of records: 0

Table Name: Persons
Primary Key: ID
Number of columns: 3
Number of records: 0

Table Name: Students
Primary Key: ID
Number of columns: 5
Number of records: 0

Invalid command.
